00:00 +0: loading C:/Rafig/FreeMatch/FreeMatch/test/widget_test.dart
00:00 +0: App smoke test
тХРтХРтХб EXCEPTION CAUGHT BY FLUTTER TEST FRAMEWORK тХЮтХРтХРтХРтХРтХРтХРтХРтХРтХРтХРтХРтХРтХРтХРтХРтХРтХРтХРтХРтХРтХРтХРтХРтХРтХРтХРтХРтХРтХРтХРтХРтХРтХРтХРтХРтХРтХРтХРтХРтХРтХРтХРтХРтХРтХРтХРтХРтХРтХРтХРтХРтХР
The following FirebaseException was thrown running a test:
[core/no-app] No Firebase App '[DEFAULT]' has been created - call Firebase.initializeApp()

When the exception was thrown, this was the stack:
#0      MethodChannelFirebase.app (package:firebase_core_platform_interface/src/method_channel/method_channel_firebase.dart:190:5)
#1      Firebase.app (package:firebase_core/src/firebase.dart:91:41)
#2      FirebaseMessaging.instance (package:firebase_messaging/src/messaging.dart:32:47)
#3      _FreeMatchAppState._setupInteractedMessage (package:freematch/main.dart:108:61)
#4      _FreeMatchAppState.initState (package:freematch/main.dart:103:5)
#5      StatefulElement._firstBuild (package:flutter/src/widgets/framework.dart:5953:55)
#6      ComponentElement.mount (package:flutter/src/widgets/framework.dart:5796:5)
...     Normal element mounting (23 frames)
#29     Element.inflateWidget (package:flutter/src/widgets/framework.dart:4590:20)
#30     Element.updateChild (package:flutter/src/widgets/framework.dart:4053:20)
#31     ComponentElement.performRebuild (package:flutter/src/widgets/framework.dart:5844:16)
#32     Element.rebuild (package:flutter/src/widgets/framework.dart:5532:7)
#33     ProxyElement.update (package:flutter/src/widgets/framework.dart:6152:5)
#34     _InheritedNotifierElement.update (package:flutter/src/widgets/inherited_notifier.dart:108:11)
#35     Element.updateChild (package:flutter/src/widgets/framework.dart:4037:15)
#36     ComponentElement.performRebuild (package:flutter/src/widgets/framework.dart:5844:16)
#37     StatefulElement.performRebuild (package:flutter/src/widgets/framework.dart:5985:11)
#38     Element.rebuild (package:flutter/src/widgets/framework.dart:5532:7)
#39     StatefulElement.update (package:flutter/src/widgets/framework.dart:6010:5)
#40     Element.updateChild (package:flutter/src/widgets/framework.dart:4037:15)
#41     ComponentElement.performRebuild (package:flutter/src/widgets/framework.dart:5844:16)
#42     Element.rebuild (package:flutter/src/widgets/framework.dart:5532:7)
#43     ProxyElement.update (package:flutter/src/widgets/framework.dart:6152:5)
#44     _InheritedNotifierElement.update (package:flutter/src/widgets/inherited_notifier.dart:108:11)
#45     Element.updateChild (package:flutter/src/widgets/framework.dart:4037:15)
#46     ComponentElement.performRebuild (package:flutter/src/widgets/framework.dart:5844:16)
#47     StatefulElement.performRebuild (package:flutter/src/widgets/framework.dart:5985:11)
#48     Element.rebuild (package:flutter/src/widgets/framework.dart:5532:7)
#49     StatefulElement.update (package:flutter/src/widgets/framework.dart:6010:5)
#50     Element.updateChild (package:flutter/src/widgets/framework.dart:4037:15)
#51     ComponentElement.performRebuild (package:flutter/src/widgets/framework.dart:5844:16)
#52     StatefulElement.performRebuild (package:flutter/src/widgets/framework.dart:5985:11)
#53     Element.rebuild (package:flutter/src/widgets/framework.dart:5532:7)
#54     StatefulElement.update (package:flutter/src/widgets/framework.dart:6010:5)
#55     Element.updateChild (package:flutter/src/widgets/framework.dart:4037:15)
#56     ComponentElement.performRebuild (package:flutter/src/widgets/framework.dart:5844:16)
#57     Element.rebuild (package:flutter/src/widgets/framework.dart:5532:7)
#58     ProxyElement.update (package:flutter/src/widgets/framework.dart:6152:5)
#59     Element.updateChild (package:flutter/src/widgets/framework.dart:4037:15)
#60     ComponentElement.performRebuild (package:flutter/src/widgets/framework.dart:5844:16)
#61     StatefulElement.performRebuild (package:flutter/src/widgets/framework.dart:5985:11)
#62     Element.rebuild (package:flutter/src/widgets/framework.dart:5532:7)
#63     StatefulElement.update (package:flutter/src/widgets/framework.dart:6010:5)
#64     Element.updateChild (package:flutter/src/widgets/framework.dart:4037:15)
#65     ComponentElement.performRebuild (package:flutter/src/widgets/framework.dart:5844:16)
#66     Element.rebuild (package:flutter/src/widgets/framework.dart:5532:7)
#67     ProxyElement.update (package:flutter/src/widgets/framework.dart:6152:5)
#68     Element.updateChild (package:flutter/src/widgets/framework.dart:4037:15)
#69     ComponentElement.performRebuild (package:flutter/src/widgets/framework.dart:5844:16)
#70     Element.rebuild (package:flutter/src/widgets/framework.dart:5532:7)
#71     ProxyElement.update (package:flutter/src/widgets/framework.dart:6152:5)
#72     Element.updateChild (package:flutter/src/widgets/framework.dart:4037:15)
#73     _RawViewElement._updateChild (package:flutter/src/widgets/view.dart:481:16)
#74     _RawViewElement.update (package:flutter/src/widgets/view.dart:568:5)
#75     Element.updateChild (package:flutter/src/widgets/framework.dart:4037:15)
#76     ComponentElement.performRebuild (package:flutter/src/widgets/framework.dart:5844:16)
#77     Element.rebuild (package:flutter/src/widgets/framework.dart:5532:7)
#78     StatelessElement.update (package:flutter/src/widgets/framework.dart:5898:5)
#79     Element.updateChild (package:flutter/src/widgets/framework.dart:4037:15)
#80     ComponentElement.performRebuild (package:flutter/src/widgets/framework.dart:5844:16)
#81     StatefulElement.performRebuild (package:flutter/src/widgets/framework.dart:5985:11)
#82     Element.rebuild (package:flutter/src/widgets/framework.dart:5532:7)
#83     StatefulElement.update (package:flutter/src/widgets/framework.dart:6010:5)
#84     Element.updateChild (package:flutter/src/widgets/framework.dart:4037:15)
#85     RootElement._rebuild (package:flutter/src/widgets/binding.dart:1782:16)
#86     RootElement.update (package:flutter/src/widgets/binding.dart:1760:5)
#87     RootElement.performRebuild (package:flutter/src/widgets/binding.dart:1774:7)
#88     Element.rebuild (package:flutter/src/widgets/framework.dart:5532:7)
#89     BuildScope._tryRebuild (package:flutter/src/widgets/framework.dart:2750:15)
#90     BuildScope._flushDirtyElements (package:flutter/src/widgets/framework.dart:2807:11)
#91     BuildOwner.buildScope (package:flutter/src/widgets/framework.dart:3111:18)
#92     AutomatedTestWidgetsFlutterBinding.drawFrame (package:flutter_test/src/binding.dart:1506:19)
#93     RendererBinding._handlePersistentFrameCallback (package:flutter/src/rendering/binding.dart:495:5)
#94     SchedulerBinding._invokeFrameCallback (package:flutter/src/scheduler/binding.dart:1434:15)
#95     SchedulerBinding.handleDrawFrame (package:flutter/src/scheduler/binding.dart:1347:9)
#96     AutomatedTestWidgetsFlutterBinding.pump.<anonymous closure> (package:flutter_test/src/binding.dart:1335:9)
#99     TestAsyncUtils.guard (package:flutter_test/src/test_async_utils.dart:74:41)
#100    AutomatedTestWidgetsFlutterBinding.pump (package:flutter_test/src/binding.dart:1324:27)
#101    WidgetTester.pumpWidget.<anonymous closure> (package:flutter_test/src/widget_tester.dart:598:22)
#104    TestAsyncUtils.guard (package:flutter_test/src/test_async_utils.dart:74:41)
#105    WidgetTester.pumpWidget (package:flutter_test/src/widget_tester.dart:595:27)
#106    main.<anonymous closure> (file:///C:/Rafig/FreeMatch/FreeMatch/test/widget_test.dart:27:18)
#107    testWidgets.<anonymous closure>.<anonymous closure> (package:flutter_test/src/widget_tester.dart:192:29)
<asynchronous suspension>
#108    TestWidgetsFlutterBinding._runTestBody (package:flutter_test/src/binding.dart:1059:5)
<asynchronous suspension>
<asynchronous suspension>
(elided 5 frames from dart:async and package:stack_trace)

The test description was:
  App smoke test
тХРтХРтХРтХРтХРтХРтХРтХРтХРтХРтХРтХРтХРтХРтХРтХРтХРтХРтХРтХРтХРтХРтХРтХРтХРтХРтХРтХРтХРтХРтХРтХРтХРтХРтХРтХРтХРтХРтХРтХРтХРтХРтХРтХРтХРтХРтХРтХРтХРтХРтХРтХРтХРтХРтХРтХРтХРтХРтХРтХРтХРтХРтХРтХРтХРтХРтХРтХРтХРтХРтХРтХРтХРтХРтХРтХРтХРтХРтХРтХРтХРтХРтХРтХРтХРтХРтХРтХРтХРтХРтХРтХРтХРтХРтХРтХРтХРтХРтХРтХР
00:01 +0 -1: App smoke test [E]
  Test failed. See exception logs above.
  The test description was: App smoke test
  
00:01 +0 -1: Some tests failed.
